15:07:07 **** Auto Build of configuration Debug for project pl_led_test ****
make all 
'Building file: ../src/helloworld.c'
'Invoking: ARM gcc compiler'
arm-xilinx-eabi-gcc -Wall -O0 -g3 -c -fmessage-length=0 -MT"src/helloworld.o" -I../../pl_led_test_bsp/ps7_cortexa9_0/include -MMD -MP -MF"src/helloworld.d" -MT"src/helloworld.d" -o "src/helloworld.o" "../src/helloworld.c"
'Finished building: ../src/helloworld.c'
' '
'Building file: ../src/platform.c'
'Invoking: ARM gcc compiler'
arm-xilinx-eabi-gcc -Wall -O0 -g3 -c -fmessage-length=0 -MT"src/platform.o" -I../../pl_led_test_bsp/ps7_cortexa9_0/include -MMD -MP -MF"src/platform.d" -MT"src/platform.d" -o "src/platform.o" "../src/platform.c"
'Finished building: ../src/platform.c'
' '
'Building target: pl_led_test.elf'
'Invoking: ARM gcc linker'
arm-xilinx-eabi-gcc -Wl,-T -Wl,../src/lscript.ld -L../../pl_led_test_bsp/ps7_cortexa9_0/lib -o "pl_led_test.elf"  ./src/helloworld.o ./src/platform.o   -Wl,--start-group,-lxil,-lgcc,-lc,--end-group
'Finished building target: pl_led_test.elf'
' '
'Invoking: ARM Print Size'
arm-xilinx-eabi-size pl_led_test.elf  |tee "pl_led_test.elf.size"
   text	   data	    bss	    dec	    hex	filename
  24344	   1168	  22596	  48108	   bbec	pl_led_test.elf
'Finished building: pl_led_test.elf.size'
' '

15:07:10 Build Finished (took 2s.709ms)

